mode: atomic
github.com/umatare5/controld-exporter/internal/log/logger.go:12.2,12.24 1 0
github.com/umatare5/controld-exporter/internal/log/logger.go:13.3,15.1 2 0
github.com/umatare5/controld-exporter/internal/log/logger.go:16.2,16.25 1 0
github.com/umatare5/controld-exporter/internal/log/logger.go:17.3,19.1 2 0
github.com/umatare5/controld-exporter/internal/log/logger.go:20.2,20.25 1 0
github.com/umatare5/controld-exporter/internal/log/logger.go:21.3,23.1 2 0
github.com/umatare5/controld-exporter/internal/log/logger.go:24.2,24.35 1 0
github.com/umatare5/controld-exporter/internal/log/logger.go:29.2,30.1 1 0
github.com/umatare5/controld-exporter/internal/log/logger.go:34.2,35.1 1 0
github.com/umatare5/controld-exporter/internal/log/logger.go:39.2,40.1 1 0
github.com/umatare5/controld-exporter/internal/log/logger.go:44.2,45.1 1 0
github.com/umatare5/controld-exporter/internal/log/logger.go:49.2,50.1 1 0
github.com/umatare5/controld-exporter/internal/log/logger.go:54.2,55.1 1 0
github.com/umatare5/controld-exporter/internal/cli/main.go:17.2,23.61 1 0
github.com/umatare5/controld-exporter/internal/cli/main.go:24.4,26.1 4 0
github.com/umatare5/controld-exporter/internal/cli/main.go:27.4,28.1 4 0
github.com/umatare5/controld-exporter/internal/cli/main.go:29.4,30.1 4 0
github.com/umatare5/controld-exporter/internal/cli/main.go:33.2,33.63 1 0
github.com/umatare5/controld-exporter/internal/cli/main.go:34.3,35.1 1 0
github.com/umatare5/controld-exporter/internal/cli/main.go:40.2,48.1 8 0
github.com/umatare5/controld-exporter/internal/cli/main.go:52.2,58.1 1 0
github.com/umatare5/controld-exporter/internal/cli/main.go:63.2,69.1 1 0
github.com/umatare5/controld-exporter/internal/cli/main.go:74.2,81.1 1 0
github.com/umatare5/controld-exporter/internal/cli/main.go:86.2,94.1 1 0
github.com/umatare5/controld-exporter/internal/cli/main.go:99.2,105.1 1 0
github.com/umatare5/controld-exporter/internal/cli/main.go:110.2,116.1 1 0
github.com/umatare5/controld-exporter/internal/cli/version.go:7.2,8.1 1 0
github.com/umatare5/controld-exporter/cmd/main.go:10.2,11.1 1 0
github.com/umatare5/controld-exporter/internal/collector/billing.go:17.2,19.1 2 0
github.com/umatare5/controld-exporter/internal/collector/billing.go:23.2,24.16 2 0
github.com/umatare5/controld-exporter/internal/collector/billing.go:25.3,27.1 2 0
github.com/umatare5/controld-exporter/internal/collector/billing.go:29.2,29.31 1 0
github.com/umatare5/controld-exporter/internal/collector/billing.go:30.3,32.1 2 0
github.com/umatare5/controld-exporter/internal/collector/billing.go:34.2,34.49 1 0
github.com/umatare5/controld-exporter/internal/collector/billing.go:35.3,41.1 4 0
github.com/umatare5/controld-exporter/internal/collector/billing.go:42.3,48.1 4 0
github.com/umatare5/controld-exporter/internal/collector/billing.go:49.3,56.1 4 0
github.com/umatare5/controld-exporter/internal/collector/billing.go:57.3,64.1 4 0
github.com/umatare5/controld-exporter/internal/collector/billing.go:69.2,70.16 2 0
github.com/umatare5/controld-exporter/internal/collector/billing.go:71.3,73.1 2 0
github.com/umatare5/controld-exporter/internal/collector/billing.go:75.2,75.41 1 0
github.com/umatare5/controld-exporter/internal/collector/billing.go:76.3,78.1 2 0
github.com/umatare5/controld-exporter/internal/collector/billing.go:80.2,80.64 1 0
github.com/umatare5/controld-exporter/internal/collector/billing.go:81.3,87.1 1 0
github.com/umatare5/controld-exporter/internal/collector/endpoint.go:16.2,16.33 1 0
github.com/umatare5/controld-exporter/internal/collector/endpoint.go:17.3,20.1 3 0
github.com/umatare5/controld-exporter/internal/collector/endpoint.go:23.2,24.16 2 0
github.com/umatare5/controld-exporter/internal/collector/endpoint.go:25.3,27.1 2 0
github.com/umatare5/controld-exporter/internal/collector/endpoint.go:28.2,29.1 3 0
github.com/umatare5/controld-exporter/internal/collector/endpoint.go:30.2,31.16 3 0
github.com/umatare5/controld-exporter/internal/collector/endpoint.go:32.3,34.1 2 0
github.com/umatare5/controld-exporter/internal/collector/endpoint.go:35.2,35.45 1 0
github.com/umatare5/controld-exporter/internal/collector/endpoint.go:40.2,41.16 2 0
github.com/umatare5/controld-exporter/internal/collector/endpoint.go:42.3,44.1 2 0
github.com/umatare5/controld-exporter/internal/collector/endpoint.go:46.2,46.51 1 0
github.com/umatare5/controld-exporter/internal/collector/endpoint.go:51.2,52.16 2 0
github.com/umatare5/controld-exporter/internal/collector/endpoint.go:53.3,55.1 2 0
github.com/umatare5/controld-exporter/internal/collector/endpoint.go:56.2,56.65 1 0
github.com/umatare5/controld-exporter/internal/collector/endpoint.go:64.2,65.37 2 0
github.com/umatare5/controld-exporter/internal/collector/endpoint.go:66.3,67.17 2 0
github.com/umatare5/controld-exporter/internal/collector/endpoint.go:68.4,69.12 2 0
github.com/umatare5/controld-exporter/internal/collector/endpoint.go:71.3,71.50 1 0
github.com/umatare5/controld-exporter/internal/collector/endpoint.go:81.2,81.31 1 0
github.com/umatare5/controld-exporter/internal/collector/endpoint.go:82.3,84.1 2 0
github.com/umatare5/controld-exporter/internal/collector/endpoint.go:86.2,86.50 1 0
github.com/umatare5/controld-exporter/internal/collector/endpoint.go:87.3,94.1 1 0
github.com/umatare5/controld-exporter/internal/collector/helper.go:14.2,15.1 1 0
github.com/umatare5/controld-exporter/internal/collector/helper.go:19.2,20.1 1 0
github.com/umatare5/controld-exporter/internal/collector/helper.go:24.2,25.1 1 0
github.com/umatare5/controld-exporter/internal/collector/helper.go:29.2,30.1 1 0
github.com/umatare5/controld-exporter/internal/collector/helper.go:34.2,35.1 1 0
github.com/umatare5/controld-exporter/internal/collector/logger.go:20.2,21.1 1 0
github.com/umatare5/controld-exporter/internal/collector/logger.go:25.2,26.1 1 0
github.com/umatare5/controld-exporter/internal/collector/logger.go:30.2,31.1 1 0
github.com/umatare5/controld-exporter/internal/collector/logger.go:35.2,36.1 1 0
github.com/umatare5/controld-exporter/internal/collector/main.go:198.2,201.1 1 0
github.com/umatare5/controld-exporter/internal/collector/main.go:206.2,229.1 23 0
github.com/umatare5/controld-exporter/internal/collector/main.go:233.2,239.1 6 0
github.com/umatare5/controld-exporter/internal/collector/main.go:243.2,244.1 1 0
github.com/umatare5/controld-exporter/internal/collector/network.go:14.2,15.1 1 0
github.com/umatare5/controld-exporter/internal/collector/network.go:19.2,20.16 2 0
github.com/umatare5/controld-exporter/internal/collector/network.go:21.3,23.1 2 0
github.com/umatare5/controld-exporter/internal/collector/network.go:25.2,25.44 1 0
github.com/umatare5/controld-exporter/internal/collector/network.go:26.3,35.1 3 0
github.com/umatare5/controld-exporter/internal/collector/network.go:36.3,45.1 3 0
github.com/umatare5/controld-exporter/internal/collector/network.go:46.3,55.1 3 0
github.com/umatare5/controld-exporter/internal/collector/organization.go:17.2,17.33 1 0
github.com/umatare5/controld-exporter/internal/collector/organization.go:18.3,20.1 2 0
github.com/umatare5/controld-exporter/internal/collector/organization.go:23.2,24.16 2 0
github.com/umatare5/controld-exporter/internal/collector/organization.go:25.3,27.1 2 0
github.com/umatare5/controld-exporter/internal/collector/organization.go:28.2,29.1 3 0
github.com/umatare5/controld-exporter/internal/collector/organization.go:30.2,31.16 3 0
github.com/umatare5/controld-exporter/internal/collector/organization.go:32.3,34.1 2 0
github.com/umatare5/controld-exporter/internal/collector/organization.go:35.2,35.46 1 0
github.com/umatare5/controld-exporter/internal/collector/organization.go:40.2,75.1 5 0
github.com/umatare5/controld-exporter/internal/collector/organization.go:82.2,82.55 1 0
github.com/umatare5/controld-exporter/internal/collector/organization.go:83.3,111.1 4 0
github.com/umatare5/controld-exporter/internal/collector/organization.go:116.2,118.1 3 0
github.com/umatare5/controld-exporter/internal/collector/organization.go:120.2,120.28 3 0
github.com/umatare5/controld-exporter/internal/collector/organization.go:121.3,122.1 1 0
github.com/umatare5/controld-exporter/internal/collector/organization.go:125.2,126.16 2 0
github.com/umatare5/controld-exporter/internal/collector/organization.go:127.3,128.1 1 0
github.com/umatare5/controld-exporter/internal/collector/organization.go:130.2,131.18 2 0
github.com/umatare5/controld-exporter/internal/collector/organization.go:136.2,138.1 3 0
github.com/umatare5/controld-exporter/internal/collector/organization.go:140.2,140.31 3 0
github.com/umatare5/controld-exporter/internal/collector/organization.go:141.3,142.1 1 0
github.com/umatare5/controld-exporter/internal/collector/organization.go:145.2,146.16 2 0
github.com/umatare5/controld-exporter/internal/collector/organization.go:147.3,148.1 1 0
github.com/umatare5/controld-exporter/internal/collector/organization.go:150.2,151.18 2 0
github.com/umatare5/controld-exporter/internal/collector/organization.go:156.2,157.52 2 0
github.com/umatare5/controld-exporter/internal/collector/organization.go:158.3,159.1 1 0
github.com/umatare5/controld-exporter/internal/collector/organization.go:160.2,160.16 1 0
github.com/umatare5/controld-exporter/internal/collector/profile.go:16.2,16.33 1 0
github.com/umatare5/controld-exporter/internal/collector/profile.go:17.3,20.1 3 0
github.com/umatare5/controld-exporter/internal/collector/profile.go:23.2,24.16 2 0
github.com/umatare5/controld-exporter/internal/collector/profile.go:25.3,27.1 2 0
github.com/umatare5/controld-exporter/internal/collector/profile.go:28.2,29.1 3 0
github.com/umatare5/controld-exporter/internal/collector/profile.go:30.2,31.16 3 0
github.com/umatare5/controld-exporter/internal/collector/profile.go:32.3,34.1 2 0
github.com/umatare5/controld-exporter/internal/collector/profile.go:35.2,35.44 1 0
github.com/umatare5/controld-exporter/internal/collector/profile.go:40.2,41.16 2 0
github.com/umatare5/controld-exporter/internal/collector/profile.go:42.3,44.1 2 0
github.com/umatare5/controld-exporter/internal/collector/profile.go:46.2,46.49 1 0
github.com/umatare5/controld-exporter/internal/collector/profile.go:51.2,52.16 2 0
github.com/umatare5/controld-exporter/internal/collector/profile.go:53.3,55.1 2 0
github.com/umatare5/controld-exporter/internal/collector/profile.go:56.2,56.63 1 0
github.com/umatare5/controld-exporter/internal/collector/profile.go:61.2,62.37 2 0
github.com/umatare5/controld-exporter/internal/collector/profile.go:63.3,64.17 2 0
github.com/umatare5/controld-exporter/internal/collector/profile.go:65.4,66.12 2 0
github.com/umatare5/controld-exporter/internal/collector/profile.go:68.3,68.48 1 0
github.com/umatare5/controld-exporter/internal/collector/profile.go:78.2,78.31 1 0
github.com/umatare5/controld-exporter/internal/collector/profile.go:79.3,81.1 2 0
github.com/umatare5/controld-exporter/internal/collector/profile.go:83.2,83.49 1 0
github.com/umatare5/controld-exporter/internal/collector/profile.go:84.3,133.1 7 0
github.com/umatare5/controld-exporter/internal/collector/service.go:16.2,16.33 1 0
github.com/umatare5/controld-exporter/internal/collector/service.go:17.3,20.1 3 0
github.com/umatare5/controld-exporter/internal/collector/service.go:23.2,24.16 2 0
github.com/umatare5/controld-exporter/internal/collector/service.go:25.3,27.1 2 0
github.com/umatare5/controld-exporter/internal/collector/service.go:28.2,29.1 3 0
github.com/umatare5/controld-exporter/internal/collector/service.go:30.2,31.16 3 0
github.com/umatare5/controld-exporter/internal/collector/service.go:32.3,34.1 2 0
github.com/umatare5/controld-exporter/internal/collector/service.go:35.2,35.53 1 0
github.com/umatare5/controld-exporter/internal/collector/service.go:40.2,41.16 2 0
github.com/umatare5/controld-exporter/internal/collector/service.go:42.3,44.1 2 0
github.com/umatare5/controld-exporter/internal/collector/service.go:46.2,46.67 1 0
github.com/umatare5/controld-exporter/internal/collector/service.go:54.2,55.16 2 0
github.com/umatare5/controld-exporter/internal/collector/service.go:56.3,58.1 2 0
github.com/umatare5/controld-exporter/internal/collector/service.go:60.2,60.81 1 0
github.com/umatare5/controld-exporter/internal/collector/service.go:68.2,69.37 2 0
github.com/umatare5/controld-exporter/internal/collector/service.go:70.3,71.17 2 0
github.com/umatare5/controld-exporter/internal/collector/service.go:72.4,73.12 2 0
github.com/umatare5/controld-exporter/internal/collector/service.go:75.3,75.66 1 0
github.com/umatare5/controld-exporter/internal/collector/service.go:85.2,85.49 1 0
github.com/umatare5/controld-exporter/internal/collector/service.go:86.3,88.1 2 0
github.com/umatare5/controld-exporter/internal/collector/service.go:90.2,90.69 1 0
github.com/umatare5/controld-exporter/internal/collector/service.go:91.3,98.1 1 0
github.com/umatare5/controld-exporter/internal/config/config.go:33.2,40.1 2 0
github.com/umatare5/controld-exporter/internal/config/config.go:42.2,42.73 2 0
github.com/umatare5/controld-exporter/internal/config/config.go:43.3,44.1 1 0
github.com/umatare5/controld-exporter/internal/config/config.go:46.2,46.15 1 0
github.com/umatare5/controld-exporter/internal/config/config.go:51.2,51.18 1 0
github.com/umatare5/controld-exporter/internal/config/config.go:52.3,53.1 1 0
github.com/umatare5/controld-exporter/internal/config/config.go:55.2,55.12 1 0
github.com/umatare5/controld-exporter/internal/server/server.go:29.2,32.1 1 0
github.com/umatare5/controld-exporter/internal/server/server.go:37.2,39.1 5 0
github.com/umatare5/controld-exporter/internal/server/server.go:41.2,45.1 5 0
github.com/umatare5/controld-exporter/internal/server/server.go:47.2,48.90 5 0
github.com/umatare5/controld-exporter/internal/server/server.go:49.3,50.1 1 0
github.com/umatare5/controld-exporter/internal/server/server.go:53.2,58.1 3 0
github.com/umatare5/controld-exporter/internal/server/server.go:59.2,64.1 3 0
github.com/umatare5/controld-exporter/internal/server/server.go:66.2,66.45 3 0
github.com/umatare5/controld-exporter/internal/server/server.go:67.3,68.1 1 0
github.com/umatare5/controld-exporter/internal/server/server.go:73.2,74.1 4 0
github.com/umatare5/controld-exporter/internal/server/server.go:76.2,79.1 4 0
github.com/umatare5/controld-exporter/internal/server/server.go:81.2,85.1 4 0
github.com/umatare5/controld-exporter/internal/server/server.go:89.2,90.1 10 0
github.com/umatare5/controld-exporter/internal/server/server.go:91.2,106.1 10 0
github.com/umatare5/controld-exporter/internal/server/server.go:107.2,107.61 10 0
github.com/umatare5/controld-exporter/internal/server/server.go:108.3,109.1 1 0
github.com/umatare5/controld-exporter/internal/controld/billing.go:82.2,84.31 3 0
github.com/umatare5/controld-exporter/internal/controld/billing.go:85.3,86.1 1 0
github.com/umatare5/controld-exporter/internal/controld/billing.go:87.2,87.16 1 0
github.com/umatare5/controld-exporter/internal/controld/billing.go:88.3,89.1 1 0
github.com/umatare5/controld-exporter/internal/controld/billing.go:91.2,91.80 1 0
github.com/umatare5/controld-exporter/internal/controld/billing.go:92.3,93.1 1 0
github.com/umatare5/controld-exporter/internal/controld/billing.go:95.2,95.19 1 0
github.com/umatare5/controld-exporter/internal/controld/billing.go:100.2,102.31 3 0
github.com/umatare5/controld-exporter/internal/controld/billing.go:103.3,104.1 1 0
github.com/umatare5/controld-exporter/internal/controld/billing.go:105.2,105.16 1 0
github.com/umatare5/controld-exporter/internal/controld/billing.go:106.3,107.1 1 0
github.com/umatare5/controld-exporter/internal/controld/billing.go:109.2,109.85 1 0
github.com/umatare5/controld-exporter/internal/controld/billing.go:110.3,111.1 1 0
github.com/umatare5/controld-exporter/internal/controld/billing.go:113.2,113.19 1 0
github.com/umatare5/controld-exporter/internal/controld/device.go:54.2,55.1 1 0
github.com/umatare5/controld-exporter/internal/controld/device.go:59.2,60.1 1 0
github.com/umatare5/controld-exporter/internal/controld/device.go:64.2,66.16 3 0
github.com/umatare5/controld-exporter/internal/controld/device.go:67.3,68.1 1 0
github.com/umatare5/controld-exporter/internal/controld/device.go:69.2,69.19 1 0
github.com/umatare5/controld-exporter/internal/controld/helper.go:18.2,20.1 2 0
github.com/umatare5/controld-exporter/internal/controld/helper.go:24.2,25.1 1 0
github.com/umatare5/controld-exporter/internal/controld/helper.go:29.2,30.1 1 0
github.com/umatare5/controld-exporter/internal/controld/helper.go:34.2,36.1 2 0
github.com/umatare5/controld-exporter/internal/controld/helper.go:40.2,41.1 3 0
github.com/umatare5/controld-exporter/internal/controld/helper.go:42.2,43.16 3 0
github.com/umatare5/controld-exporter/internal/controld/helper.go:44.3,45.1 1 0
github.com/umatare5/controld-exporter/internal/controld/helper.go:47.2,48.16 2 0
github.com/umatare5/controld-exporter/internal/controld/helper.go:49.3,50.1 1 0
github.com/umatare5/controld-exporter/internal/controld/helper.go:51.2,51.15 1 0
github.com/umatare5/controld-exporter/internal/controld/helper.go:52.3,52.53 1 0
github.com/umatare5/controld-exporter/internal/controld/helper.go:53.4,54.1 1 0
github.com/umatare5/controld-exporter/internal/controld/helper.go:57.2,57.44 1 0
github.com/umatare5/controld-exporter/internal/controld/helper.go:61.2,62.16 2 0
github.com/umatare5/controld-exporter/internal/controld/helper.go:63.3,64.1 1 0
github.com/umatare5/controld-exporter/internal/controld/helper.go:65.2,67.34 3 0
github.com/umatare5/controld-exporter/internal/controld/helper.go:68.3,69.1 1 0
github.com/umatare5/controld-exporter/internal/controld/helper.go:70.2,70.17 1 0
github.com/umatare5/controld-exporter/internal/controld/helper.go:78.2,79.30 2 0
github.com/umatare5/controld-exporter/internal/controld/helper.go:80.3,81.1 1 0
github.com/umatare5/controld-exporter/internal/controld/helper.go:82.2,82.10 1 0
github.com/umatare5/controld-exporter/internal/controld/helper.go:101.2,102.56 2 0
github.com/umatare5/controld-exporter/internal/controld/helper.go:103.3,104.1 1 0
github.com/umatare5/controld-exporter/internal/controld/helper.go:105.2,105.42 1 0
github.com/umatare5/controld-exporter/internal/controld/helper.go:109.2,110.16 2 0
github.com/umatare5/controld-exporter/internal/controld/helper.go:111.3,112.1 1 0
github.com/umatare5/controld-exporter/internal/controld/helper.go:113.2,114.1 2 0
github.com/umatare5/controld-exporter/internal/controld/helper.go:115.2,115.28 2 0
github.com/umatare5/controld-exporter/internal/controld/helper.go:116.3,116.25 1 0
github.com/umatare5/controld-exporter/internal/controld/helper.go:117.4,118.1 1 0
github.com/umatare5/controld-exporter/internal/controld/helper.go:119.3,122.4 1 0
github.com/umatare5/controld-exporter/internal/controld/helper.go:125.2,126.59 2 0
github.com/umatare5/controld-exporter/internal/controld/helper.go:127.3,128.1 1 0
github.com/umatare5/controld-exporter/internal/controld/helper.go:130.2,130.75 1 0
github.com/umatare5/controld-exporter/internal/controld/helper.go:131.3,132.1 1 0
github.com/umatare5/controld-exporter/internal/controld/helper.go:134.2,134.37 1 0
github.com/umatare5/controld-exporter/internal/controld/helper.go:138.2,138.14 1 0
github.com/umatare5/controld-exporter/internal/controld/helper.go:139.3,140.1 1 0
github.com/umatare5/controld-exporter/internal/controld/helper.go:141.2,141.12 1 0
github.com/umatare5/controld-exporter/internal/controld/main.go:12.2,15.1 1 0
github.com/umatare5/controld-exporter/internal/controld/network.go:33.2,35.16 3 0
github.com/umatare5/controld-exporter/internal/controld/network.go:36.3,37.1 1 0
github.com/umatare5/controld-exporter/internal/controld/network.go:39.2,39.19 1 0
github.com/umatare5/controld-exporter/internal/controld/organization.go:117.2,119.16 3 0
github.com/umatare5/controld-exporter/internal/controld/organization.go:120.3,121.1 1 0
github.com/umatare5/controld-exporter/internal/controld/organization.go:123.2,123.77 1 0
github.com/umatare5/controld-exporter/internal/controld/organization.go:124.3,125.1 1 0
github.com/umatare5/controld-exporter/internal/controld/organization.go:127.2,127.19 1 0
github.com/umatare5/controld-exporter/internal/controld/organization.go:132.2,134.16 3 0
github.com/umatare5/controld-exporter/internal/controld/organization.go:135.3,136.1 1 0
github.com/umatare5/controld-exporter/internal/controld/organization.go:138.2,138.81 1 0
github.com/umatare5/controld-exporter/internal/controld/organization.go:139.3,140.1 1 0
github.com/umatare5/controld-exporter/internal/controld/organization.go:142.2,142.19 1 0
github.com/umatare5/controld-exporter/internal/controld/profile.go:51.2,52.1 1 0
github.com/umatare5/controld-exporter/internal/controld/profile.go:56.2,57.1 1 0
github.com/umatare5/controld-exporter/internal/controld/profile.go:61.2,63.16 3 0
github.com/umatare5/controld-exporter/internal/controld/profile.go:64.3,65.1 1 0
github.com/umatare5/controld-exporter/internal/controld/profile.go:66.2,66.19 1 0
github.com/umatare5/controld-exporter/internal/controld/service.go:23.2,24.1 1 0
github.com/umatare5/controld-exporter/internal/controld/service.go:28.2,29.1 1 0
github.com/umatare5/controld-exporter/internal/controld/service.go:33.2,35.16 3 0
github.com/umatare5/controld-exporter/internal/controld/service.go:36.3,37.1 1 0
github.com/umatare5/controld-exporter/internal/controld/service.go:38.2,38.19 1 0
